// Jest Snapshot v1, https://goo.gl/fbAQLP

exports[`TimelineCareerHeader component should render TimelineCareerHeader component 1`] = `ShallowWrapper {}`;
