// Jest Snapshot v1, https://goo.gl/fbAQLP

exports[`should render SpinnerLoading component 1`] = `ShallowWrapper {}`;
