// Jest Snapshot v1, https://goo.gl/fbAQLP

exports[`FormInputSelect component should render FormInputSelect component 1`] = `ShallowWrapper {}`;
