// Jest Snapshot v1, https://goo.gl/fbAQLP

exports[`Portfolio page should render Portfolio page 1`] = `ShallowWrapper {}`;
