// Jest Snapshot v1, https://goo.gl/fbAQLP

exports[`ServiceEngineer   component should render ServiceEngineer   component 1`] = `ShallowWrapper {}`;
