// Jest Snapshot v1, https://goo.gl/fbAQLP

exports[`AboutEducationPersonality component should render AboutEducationPersonality component 1`] = `ShallowWrapper {}`;
