// Jest Snapshot v1, https://goo.gl/fbAQLP

exports[`ServiceUrlGeneralContent component should render ServiceUrlGeneralContent component 1`] = `ShallowWrapper {}`;
