// Jest Snapshot v1, https://goo.gl/fbAQLP

exports[`Service page should render Service page 1`] = `ShallowWrapper {}`;
