// Jest Snapshot v1, https://goo.gl/fbAQLP

exports[`ServiceGraphicDesign component should render ServiceGraphicDesign component 1`] = `ShallowWrapper {}`;
