// Jest Snapshot v1, https://goo.gl/fbAQLP

exports[`ServiceGeneralContent component should render ServiceGeneralContent component 1`] = `ShallowWrapper {}`;
