// Jest Snapshot v1, https://goo.gl/fbAQLP

exports[`FooterGeneral component should render FooterGeneral component 1`] = `ShallowWrapper {}`;
