// Jest Snapshot v1, https://goo.gl/fbAQLP

exports[`SideBarIcon component should render SideBarIcon component 1`] = `ShallowWrapper {}`;
