// Jest Snapshot v1, https://goo.gl/fbAQLP

exports[`should render HomePageProfileTextContainer component 1`] = `ShallowWrapper {}`;
