// Jest Snapshot v1, https://goo.gl/fbAQLP

exports[`ServiceHeader component should render ServiceHeader component 1`] = `ShallowWrapper {}`;
