// Jest Snapshot v1, https://goo.gl/fbAQLP

exports[`VisualArtSkill component should render VisualArtSkill component 1`] = `ShallowWrapper {}`;
