// Jest Snapshot v1, https://goo.gl/fbAQLP

exports[`AboutEducation component should render AboutEducation component 1`] = `ShallowWrapper {}`;
