// Jest Snapshot v1, https://goo.gl/fbAQLP

exports[`should render FormButton component 1`] = `ShallowWrapper {}`;
