// Jest Snapshot v1, https://goo.gl/fbAQLP

exports[`TechnologyGrid component should render TechnologyGrid component 1`] = `ShallowWrapper {}`;
