// Jest Snapshot v1, https://goo.gl/fbAQLP

exports[`AboutEducationCourse component should render AboutEducationCourse component 1`] = `ShallowWrapper {}`;
