// Jest Snapshot v1, https://goo.gl/fbAQLP

exports[`TimelineCareerLink component should render TimelineCareerLink component 1`] = `ShallowWrapper {}`;
