// Jest Snapshot v1, https://goo.gl/fbAQLP

exports[`FormInputTel component should render FormInputTel component 1`] = `ShallowWrapper {}`;
