// Jest Snapshot v1, https://goo.gl/fbAQLP

exports[`Homepage page should render HomePage page 1`] = `ShallowWrapper {}`;
