// Jest Snapshot v1, https://goo.gl/fbAQLP

exports[`ServiceUrlIconContent component should render ServiceUrlIconContent component 1`] = `ShallowWrapper {}`;
