// Jest Snapshot v1, https://goo.gl/fbAQLP

exports[`SkillHeader component should render SkillHeader component 1`] = `ShallowWrapper {}`;
