// Jest Snapshot v1, https://goo.gl/fbAQLP

exports[`AboutDropdown component should render AboutDropdown component 1`] = `ShallowWrapper {}`;
