// Jest Snapshot v1, https://goo.gl/fbAQLP

exports[`TimelineCareerBelow component should render TimelineCareerBelow component 1`] = `ShallowWrapper {}`;
