// Jest Snapshot v1, https://goo.gl/fbAQLP

exports[`AboutDropdownBar component should render AboutDropdownBar component 1`] = `ShallowWrapper {}`;
