// Jest Snapshot v1, https://goo.gl/fbAQLP

exports[`PortfolioHeader  component should render PortfolioHeader  component 1`] = `ShallowWrapper {}`;
