// Jest Snapshot v1, https://goo.gl/fbAQLP

exports[`TimelineCareerLinkUpper component should render TimelineCareerLinkUpper component 1`] = `ShallowWrapper {}`;
