// Jest Snapshot v1, https://goo.gl/fbAQLP

exports[`TechnologySkill component should render TechnologySkill component 1`] = `ShallowWrapper {}`;
