// Jest Snapshot v1, https://goo.gl/fbAQLP

exports[`TimelineCareerItem component should render TimelineCareerItem component 1`] = `ShallowWrapper {}`;
