// Jest Snapshot v1, https://goo.gl/fbAQLP

exports[`AboutSkill component should render AboutSkill component 1`] = `ShallowWrapper {}`;
