// Jest Snapshot v1, https://goo.gl/fbAQLP

exports[`AboutEducationExperience component should render AboutEducationExperience component 1`] = `ShallowWrapper {}`;
