// Jest Snapshot v1, https://goo.gl/fbAQLP

exports[`About page should render About page 1`] = `ShallowWrapper {}`;
