// Jest Snapshot v1, https://goo.gl/fbAQLP

exports[`ContactInfo component should render ContactInfo component 1`] = `ShallowWrapper {}`;
