// Jest Snapshot v1, https://goo.gl/fbAQLP

exports[`TimelineCareerUpper component should render TimelineCareerUpper component 1`] = `ShallowWrapper {}`;
