// Jest Snapshot v1, https://goo.gl/fbAQLP

exports[`AboutAchievementProject should render AboutAchievementProject component 1`] = `ShallowWrapper {}`;
