// Jest Snapshot v1, https://goo.gl/fbAQLP

exports[`AboutThesisProject component should render AboutThesisProject component 1`] = `ShallowWrapper {}`;
