// Jest Snapshot v1, https://goo.gl/fbAQLP

exports[`EducationGrid component should render EducationGrid component 1`] = `ShallowWrapper {}`;
