// Jest Snapshot v1, https://goo.gl/fbAQLP

exports[`AboutTimelineCareer component should render AboutTimelineCareer component 1`] = `ShallowWrapper {}`;
