// Jest Snapshot v1, https://goo.gl/fbAQLP

exports[`AboutExperienceProject component should render AboutExperienceProject  component 1`] = `ShallowWrapper {}`;
