// Jest Snapshot v1, https://goo.gl/fbAQLP

exports[`EngineerGrid component should render EngineerGrid component 1`] = `ShallowWrapper {}`;
