// Jest Snapshot v1, https://goo.gl/fbAQLP

exports[`EngineerGridItem component should render EngineerGridItem component 1`] = `ShallowWrapper {}`;
