// Jest Snapshot v1, https://goo.gl/fbAQLP

exports[`FooterContact component should render FooterContact component 1`] = `ShallowWrapper {}`;
