// Jest Snapshot v1, https://goo.gl/fbAQLP

exports[`should render HomePageProfileImageContainer component 1`] = `ShallowWrapper {}`;
