// Jest Snapshot v1, https://goo.gl/fbAQLP

exports[`should render HomePageThokimanContentContainer component 1`] = `ShallowWrapper {}`;
