// Jest Snapshot v1, https://goo.gl/fbAQLP

exports[`ServicePhotography component should render ServicePhotography component 1`] = `ShallowWrapper {}`;
