// Jest Snapshot v1, https://goo.gl/fbAQLP

exports[`AboutSummary component should render AboutSummary component 1`] = `ShallowWrapper {}`;
